// Jest Snapshot v1, https://goo.gl/fbAQLP

exports[`Blockquote component Blockquote renders correctly 1`] = `
<blockquote
  className="root"
>
  Blockquote component
</blockquote>
`;
