// Jest Snapshot v1, https://goo.gl/fbAQLP

exports[`Card component Card renders correctly 1`] = `
<div
  className="root elevation2 animation"
>
  Card component
</div>
`;
