// Jest Snapshot v1, https://goo.gl/fbAQLP

exports[`Header component Header renders correctly 1`] = `
<header
  className="root"
>
  Header component
</header>
`;
