// Jest Snapshot v1, https://goo.gl/fbAQLP

exports[`Main component Main renders correctly 1`] = `
<main
  id="main"
>
  Main component
</main>
`;
