// Jest Snapshot v1, https://goo.gl/fbAQLP

exports[`SEO component Matches the snapshot 1`] = `null`;
