// Jest Snapshot v1, https://goo.gl/fbAQLP

exports[`Strong component Strong renders correctly 1`] = `
<strong
  className="root"
>
  Strong component
</strong>
`;
