// Jest Snapshot v1, https://goo.gl/fbAQLP

exports[`Tag component Tag renders correctly 1`] = `
<div>
  Tag component
</div>
`;
